2026-10-03 21:07:47,414 [INFO] ================================================================================
2026-10-03 21:07:47,414 [INFO] PHASE 4.1: FULL CONTROLLED BENCHMARK — OFFICIAL RESEARCH EXPERIMENT
2026-10-03 21:07:47,415 [INFO] ================================================================================
2026-10-03 21:07:47,415 [INFO] Backbone: HuggingFaceTB/SmolLM2-135M | Device: cuda | Precision: torch.float16
2026-10-03 21:07:47,415 [INFO] Seeds: [42, 43, 44] | Training Samples: Exactly 200 samples
2026-10-03 21:07:47,415 [INFO] Protocol: Locked (Phase 4.0 - 4.0.3)
2026-10-03 21:07:47,415 [INFO] ================================================================================
2026-10-03 21:07:47,415 [INFO] ================================================================================
2026-10-03 21:07:47,415 [INFO] STARTING PHASE 4.1A: RQ1 BENCHMARK EVALUATION
2026-10-03 21:07:47,415 [INFO] ================================================================================
2026-10-03 21:07:47,415 [INFO] --- Running RQ1 for Seed 42 ---
2026-10-03 21:07:47,416 [INFO] Training 1-level adapter on 200 samples (seed=42, epochs=3)...
2026-10-03 21:08:53,763 [INFO] ================================================================================
2026-10-03 21:08:53,764 [INFO] PHASE 4.1: FULL CONTROLLED BENCHMARK — OFFICIAL RESEARCH EXPERIMENT
2026-10-03 21:08:53,764 [INFO] ================================================================================
2026-10-03 21:08:53,764 [INFO] Backbone: HuggingFaceTB/SmolLM2-135M | Device: cuda | Precision: torch.float16
2026-10-03 21:08:53,764 [INFO] Seeds: [42, 43, 44] | Training Samples: Exactly 200 samples
2026-10-03 21:08:53,764 [INFO] Protocol: Locked (Phase 4.0 - 4.0.3)
2026-10-03 21:08:53,764 [INFO] ================================================================================
2026-10-03 21:08:53,764 [INFO] ================================================================================
2026-10-03 21:08:53,764 [INFO] STARTING PHASE 4.1A: RQ1 BENCHMARK EVALUATION
2026-10-03 21:08:53,764 [INFO] ================================================================================
2026-10-03 21:08:53,764 [INFO] --- Running RQ1 for Seed 42 ---
2026-10-03 21:08:53,765 [INFO] Training 1-level adapter on 200 samples (seed=42, epochs=3)...
2026-10-03 21:09:31,304 [INFO] Saved trained adapter checkpoint to D:\NCKH\checkpoints\phase4_1\cms_1lvl_seed_42.pt
2026-10-03 21:09:31,318 [INFO] Training 3-level adapter on 200 samples (seed=42, epochs=3)...
2026-10-03 21:10:08,741 [INFO] Saved trained adapter checkpoint to D:\NCKH\checkpoints\phase4_1\cms_3lvl_seed_42.pt
2026-10-03 21:10:17,296 [INFO] [Seed 42] Evaluating MK-NIAH (100 samples)...
2026-10-03 21:12:10,478 [INFO]   [MK-NIAH] Seed 42 | Method B1  | Acc:  2.00% | TargetProb: 0.3719
2026-10-03 21:14:01,215 [INFO]   [MK-NIAH] Seed 42 | Method B4  | Acc:  0.00% | TargetProb: 0.0445
2026-10-03 21:16:03,520 [INFO]   [MK-NIAH] Seed 42 | Method B5  | Acc:  0.00% | TargetProb: 0.0220
2026-10-03 21:18:04,885 [INFO]   [MK-NIAH] Seed 42 | Method P1  | Acc:  0.00% | TargetProb: 0.1372
2026-10-03 21:18:04,885 [INFO] [Seed 42] Evaluating QASPER (10 documents)...
2026-10-03 21:18:30,720 [INFO]   [QASPER] Seed 42 | Method B1  | F1: 0.2397 | EM: 0.0000 | PPL: 95.67
2026-10-03 21:18:47,652 [INFO]   [QASPER] Seed 42 | Method B4  | F1: 0.0965 | EM: 0.0000 | PPL: 84.23
2026-10-03 21:19:06,951 [INFO]   [QASPER] Seed 42 | Method B5  | F1: 0.0900 | EM: 0.0000 | PPL: 94.10
2026-10-03 21:19:27,220 [INFO]   [QASPER] Seed 42 | Method P1  | F1: 0.0968 | EM: 0.0000 | PPL: 90.94
2026-10-03 21:19:27,221 [INFO] [Seed 42] Evaluating LongHealth (5 documents / 20 MCQs)...
2026-10-03 21:19:35,793 [INFO]   [LongHealth] Seed 42 | Method B1  | Acc: 20.00% | TargetProb: 0.0061
2026-10-03 21:19:41,117 [INFO]   [LongHealth] Seed 42 | Method B4  | Acc: 30.00% | TargetProb: 0.1420
2026-10-03 21:19:47,303 [INFO]   [LongHealth] Seed 42 | Method B5  | Acc: 20.00% | TargetProb: 0.1431
2026-10-03 21:19:54,294 [INFO]   [LongHealth] Seed 42 | Method P1  | Acc: 25.00% | TargetProb: 0.1317
2026-10-03 21:19:54,337 [INFO] --- Running RQ1 for Seed 43 ---
2026-10-03 21:19:54,337 [INFO] Training 1-level adapter on 200 samples (seed=43, epochs=3)...
2026-10-03 21:20:33,759 [INFO] Saved trained adapter checkpoint to D:\NCKH\checkpoints\phase4_1\cms_1lvl_seed_43.pt
2026-10-03 21:20:33,774 [INFO] Training 3-level adapter on 200 samples (seed=43, epochs=3)...
2026-10-03 21:21:17,859 [INFO] Saved trained adapter checkpoint to D:\NCKH\checkpoints\phase4_1\cms_3lvl_seed_43.pt
2026-10-03 21:21:26,898 [INFO] [Seed 43] Evaluating MK-NIAH (100 samples)...
2026-10-03 21:23:23,403 [INFO]   [MK-NIAH] Seed 43 | Method B1  | Acc: 57.00% | TargetProb: 0.6273
2026-10-03 21:25:23,409 [INFO]   [MK-NIAH] Seed 43 | Method B4  | Acc:  0.00% | TargetProb: 0.0587
2026-10-03 21:27:22,095 [INFO]   [MK-NIAH] Seed 43 | Method B5  | Acc:  0.00% | TargetProb: 0.0671
2026-10-03 21:29:17,615 [INFO]   [MK-NIAH] Seed 43 | Method P1  | Acc:  0.00% | TargetProb: 0.1486
2026-10-03 21:29:17,615 [INFO] [Seed 43] Evaluating QASPER (10 documents)...
2026-10-03 21:29:44,279 [INFO]   [QASPER] Seed 43 | Method B1  | F1: 0.2474 | EM: 0.0000 | PPL: 103.10
2026-10-03 21:29:59,947 [INFO]   [QASPER] Seed 43 | Method B4  | F1: 0.1181 | EM: 0.0000 | PPL: 85.46
2026-10-03 21:30:16,885 [INFO]   [QASPER] Seed 43 | Method B5  | F1: 0.1052 | EM: 0.0000 | PPL: 95.10
2026-10-03 21:30:36,959 [INFO]   [QASPER] Seed 43 | Method P1  | F1: 0.0870 | EM: 0.0000 | PPL: 94.12
2026-10-03 21:30:36,960 [INFO] [Seed 43] Evaluating LongHealth (5 documents / 20 MCQs)...
2026-10-03 21:30:46,039 [INFO]   [LongHealth] Seed 43 | Method B1  | Acc: 20.00% | TargetProb: 0.0095
2026-10-03 21:30:51,820 [INFO]   [LongHealth] Seed 43 | Method B4  | Acc: 25.00% | TargetProb: 0.1346
2026-10-03 21:30:58,654 [INFO]   [LongHealth] Seed 43 | Method B5  | Acc: 15.00% | TargetProb: 0.1088
2026-10-03 21:31:06,572 [INFO]   [LongHealth] Seed 43 | Method P1  | Acc: 25.00% | TargetProb: 0.1550
2026-10-03 21:31:06,631 [INFO] --- Running RQ1 for Seed 44 ---
2026-10-03 21:31:06,632 [INFO] Training 1-level adapter on 200 samples (seed=44, epochs=3)...
2026-10-03 21:31:51,731 [INFO] Saved trained adapter checkpoint to D:\NCKH\checkpoints\phase4_1\cms_1lvl_seed_44.pt
2026-10-03 21:31:51,754 [INFO] Training 3-level adapter on 200 samples (seed=44, epochs=3)...
2026-10-03 21:32:33,861 [INFO] Saved trained adapter checkpoint to D:\NCKH\checkpoints\phase4_1\cms_3lvl_seed_44.pt
2026-10-03 21:32:45,937 [INFO] [Seed 44] Evaluating MK-NIAH (100 samples)...
2026-10-03 21:34:47,701 [INFO]   [MK-NIAH] Seed 44 | Method B1  | Acc: 61.00% | TargetProb: 0.5212
2026-10-03 21:36:38,645 [INFO]   [MK-NIAH] Seed 44 | Method B4  | Acc:  0.00% | TargetProb: 0.0405
2026-10-03 21:38:37,779 [INFO]   [MK-NIAH] Seed 44 | Method B5  | Acc:  0.00% | TargetProb: 0.0157
2026-10-03 21:40:35,080 [INFO]   [MK-NIAH] Seed 44 | Method P1  | Acc:  0.00% | TargetProb: 0.1096
2026-10-03 21:40:35,080 [INFO] [Seed 44] Evaluating QASPER (10 documents)...
2026-10-03 21:41:04,069 [INFO]   [QASPER] Seed 44 | Method B1  | F1: 0.2900 | EM: 0.0000 | PPL: 98.71
2026-10-03 21:41:22,139 [INFO]   [QASPER] Seed 44 | Method B4  | F1: 0.0929 | EM: 0.0000 | PPL: 83.76
2026-10-03 21:41:40,622 [INFO]   [QASPER] Seed 44 | Method B5  | F1: 0.0918 | EM: 0.0000 | PPL: 89.56
2026-10-03 21:41:58,996 [INFO]   [QASPER] Seed 44 | Method P1  | F1: 0.0848 | EM: 0.0000 | PPL: 94.69
2026-10-03 21:41:58,997 [INFO] [Seed 44] Evaluating LongHealth (5 documents / 20 MCQs)...
2026-10-03 21:42:07,936 [INFO]   [LongHealth] Seed 44 | Method B1  | Acc: 20.00% | TargetProb: 0.0077
2026-10-03 21:42:13,515 [INFO]   [LongHealth] Seed 44 | Method B4  | Acc: 15.00% | TargetProb: 0.1282
2026-10-03 21:42:20,139 [INFO]   [LongHealth] Seed 44 | Method B5  | Acc: 25.00% | TargetProb: 0.0294
2026-10-03 21:42:27,511 [INFO]   [LongHealth] Seed 44 | Method P1  | Acc:  0.00% | TargetProb: 0.1055
2026-10-03 21:42:27,582 [INFO] Saved RQ1 raw results to D:\NCKH\results\phase4_1\rq1\rq1_raw_results.json
2026-10-03 21:42:27,595 [INFO] ================================================================================
2026-10-03 21:42:27,595 [INFO] STARTING PHASE 4.1B: RQ2 BUDGET-CONTROLLED COMPARISON
2026-10-03 21:42:27,595 [INFO] ================================================================================
2026-10-03 21:42:27,595 [INFO] --- Running RQ2 for Seed 42 ---
2026-10-03 21:42:27,596 [INFO] Training 2-level adapter on 200 samples (seed=42, epochs=3)...
2026-10-03 21:43:08,344 [INFO] Saved trained adapter checkpoint to D:\NCKH\checkpoints\phase4_1\cms_2lvl_seed_42.pt
2026-10-03 21:43:08,366 [INFO] Loaded existing checkpoint: D:\NCKH\checkpoints\phase4_1\cms_3lvl_seed_42.pt
2026-10-03 21:45:46,114 [INFO] --- Running RQ2 for Seed 43 ---
2026-10-03 21:45:46,114 [INFO] Training 2-level adapter on 200 samples (seed=43, epochs=3)...
2026-10-03 21:46:23,468 [INFO] Saved trained adapter checkpoint to D:\NCKH\checkpoints\phase4_1\cms_2lvl_seed_43.pt
2026-10-03 21:46:23,483 [INFO] Loaded existing checkpoint: D:\NCKH\checkpoints\phase4_1\cms_3lvl_seed_43.pt
2026-10-03 21:48:55,394 [INFO] --- Running RQ2 for Seed 44 ---
2026-10-03 21:48:55,395 [INFO] Training 2-level adapter on 200 samples (seed=44, epochs=3)...
2026-10-03 21:49:33,265 [INFO] Saved trained adapter checkpoint to D:\NCKH\checkpoints\phase4_1\cms_2lvl_seed_44.pt
2026-10-03 21:49:33,282 [INFO] Loaded existing checkpoint: D:\NCKH\checkpoints\phase4_1\cms_3lvl_seed_44.pt
2026-10-03 21:51:58,820 [INFO] Saved RQ2 raw results to D:\NCKH\results\phase4_1\rq2\rq2_raw_results.json
2026-10-03 21:51:58,835 [INFO] ================================================================================
2026-10-03 21:51:58,835 [INFO] STARTING PHASE 4.1C: RQ3 RETENTION, FAITHFULNESS & REFUSAL EVALUATION
2026-10-03 21:51:58,836 [INFO] ================================================================================
2026-10-03 21:51:58,898 [INFO] --- Running RQ3 for Seed 42 ---
2026-10-03 21:51:58,900 [INFO] Loaded existing checkpoint: D:\NCKH\checkpoints\phase4_1\cms_3lvl_seed_42.pt
2026-10-03 22:05:58,791 [INFO] ================================================================================
2026-10-03 22:05:58,792 [INFO] PHASE 4.1: FULL CONTROLLED BENCHMARK — OFFICIAL RESEARCH EXPERIMENT
2026-10-03 22:05:58,792 [INFO] ================================================================================
2026-10-03 22:05:58,792 [INFO] Backbone: HuggingFaceTB/SmolLM2-135M | Device: cuda | Precision: torch.float16
2026-10-03 22:05:58,792 [INFO] Seeds: [42, 43, 44] | Training Samples: Exactly 200 samples
2026-10-03 22:05:58,792 [INFO] Protocol: Locked (Phase 4.0 - 4.0.3)
2026-10-03 22:05:58,792 [INFO] ================================================================================
2026-10-03 22:05:58,792 [INFO] RQ1 raw results already exist at D:\NCKH\results\phase4_1\rq1\rq1_raw_results.json, skipping execution.
2026-10-03 22:05:58,797 [INFO] RQ2 raw results already exist at D:\NCKH\results\phase4_1\rq2\rq2_raw_results.json, skipping execution.
2026-10-03 22:05:58,799 [INFO] ================================================================================
2026-10-03 22:05:58,800 [INFO] STARTING PHASE 4.1C: RQ3 RETENTION, FAITHFULNESS & REFUSAL EVALUATION
2026-10-03 22:05:58,800 [INFO] ================================================================================
2026-10-03 22:05:59,104 [INFO] --- Running RQ3 for Seed 42 ---
2026-10-03 22:05:59,106 [INFO] Loaded existing checkpoint: D:\NCKH\checkpoints\phase4_1\cms_3lvl_seed_42.pt
2026-10-03 22:28:04,487 [INFO]   [RQ3] Seed 42 | Method B1  | F1: 0.0050 | Faithfulness:   0.0% | CorrectRef:   0.0% | FalseRef:   0.0%
2026-10-03 22:44:21,651 [INFO]   [RQ3] Seed 42 | Method B2  | F1: 0.1596 | Faithfulness:  93.5% | CorrectRef:  76.0% | FalseRef:   0.0%
2026-10-03 23:02:27,932 [INFO] ================================================================================
2026-10-03 23:02:27,933 [INFO] PHASE 4.1: FULL CONTROLLED BENCHMARK — OFFICIAL RESEARCH EXPERIMENT
2026-10-03 23:02:27,933 [INFO] ================================================================================
2026-10-03 23:02:27,933 [INFO] Backbone: HuggingFaceTB/SmolLM2-135M | Device: cuda | Precision: torch.float16
2026-10-03 23:02:27,933 [INFO] Seeds: [42, 43, 44] | Training Samples: Exactly 200 samples
2026-10-03 23:02:27,933 [INFO] Protocol: Locked (Phase 4.0 - 4.0.3)
2026-10-03 23:02:27,934 [INFO] ================================================================================
2026-10-03 23:02:27,934 [INFO] RQ1 raw results already exist at D:\NCKH\results\phase4_1\rq1\rq1_raw_results.json, skipping execution.
2026-10-03 23:02:27,947 [INFO] RQ2 raw results already exist at D:\NCKH\results\phase4_1\rq2\rq2_raw_results.json, skipping execution.
2026-10-03 23:02:27,956 [INFO] ================================================================================
2026-10-03 23:02:27,956 [INFO] STARTING PHASE 4.1C: RQ3 RETENTION, FAITHFULNESS & REFUSAL EVALUATION
2026-10-03 23:02:27,956 [INFO] ================================================================================
2026-10-03 23:02:28,201 [INFO] --- Running RQ3 for Seed 42 ---
2026-10-03 23:02:28,222 [INFO] Loaded existing checkpoint: D:\NCKH\checkpoints\phase4_1\cms_3lvl_seed_42.pt
2026-10-03 23:24:46,287 [INFO]   [RQ3] Seed 42 | Method B1  | F1: 0.0050 | Faithfulness:   0.0% | CorrectRef:   0.0% | FalseRef:   0.0%
2026-10-03 23:38:21,706 [INFO]   [RQ3] Seed 42 | Method B2  | F1: 0.1596 | Faithfulness:  93.5% | CorrectRef:  76.0% | FalseRef:   0.0%
2026-10-03 23:46:33,692 [INFO]   [RQ3] Seed 42 | Method B5  | F1: 0.0557 | Faithfulness:   0.0% | CorrectRef:   0.0% | FalseRef:   0.0%
2026-10-03 23:54:47,342 [INFO]   [RQ3] Seed 42 | Method P1  | F1: 0.0736 | Faithfulness:   0.0% | CorrectRef:   0.0% | FalseRef:   0.0%
2026-10-04 00:08:13,829 [INFO]   [RQ3] Seed 42 | Method P2  | F1: 0.1596 | Faithfulness:  98.4% | CorrectRef:  76.0% | FalseRef:   0.0%
2026-10-04 00:08:14,138 [INFO] --- Running RQ3 for Seed 43 ---
2026-10-04 00:08:14,138 [INFO] Loaded existing checkpoint: D:\NCKH\checkpoints\phase4_1\cms_3lvl_seed_43.pt
2026-10-04 00:29:04,528 [INFO]   [RQ3] Seed 43 | Method B1  | F1: 0.0050 | Faithfulness:   0.0% | CorrectRef:   0.0% | FalseRef:   0.0%
2026-10-04 00:41:58,045 [INFO]   [RQ3] Seed 43 | Method B2  | F1: 0.1596 | Faithfulness:  98.4% | CorrectRef:  76.0% | FalseRef:   0.0%
2026-10-04 00:50:05,980 [INFO]   [RQ3] Seed 43 | Method B5  | F1: 0.0661 | Faithfulness:   0.0% | CorrectRef:   0.0% | FalseRef:   0.0%
2026-10-04 00:58:13,014 [INFO]   [RQ3] Seed 43 | Method P1  | F1: 0.0690 | Faithfulness:   0.0% | CorrectRef:   0.0% | FalseRef:   0.0%
2026-10-04 01:11:39,452 [INFO]   [RQ3] Seed 43 | Method P2  | F1: 0.1596 | Faithfulness: 100.0% | CorrectRef:  76.0% | FalseRef:   0.0%
2026-10-04 01:11:39,761 [INFO] --- Running RQ3 for Seed 44 ---
2026-10-04 01:11:39,761 [INFO] Loaded existing checkpoint: D:\NCKH\checkpoints\phase4_1\cms_3lvl_seed_44.pt
2026-10-04 01:32:29,714 [INFO]   [RQ3] Seed 44 | Method B1  | F1: 0.0044 | Faithfulness:   0.0% | CorrectRef:   0.0% | FalseRef:   0.0%
2026-10-04 01:45:24,052 [INFO]   [RQ3] Seed 44 | Method B2  | F1: 0.1596 | Faithfulness:  95.2% | CorrectRef:  76.0% | FalseRef:   0.0%
2026-10-04 01:53:31,828 [INFO]   [RQ3] Seed 44 | Method B5  | F1: 0.0288 | Faithfulness:   0.0% | CorrectRef:   0.0% | FalseRef:   0.0%
2026-10-04 02:01:41,602 [INFO]   [RQ3] Seed 44 | Method P1  | F1: 0.0833 | Faithfulness:   0.0% | CorrectRef:   0.0% | FalseRef:   0.0%
2026-10-04 02:15:02,278 [INFO]   [RQ3] Seed 44 | Method P2  | F1: 0.1596 | Faithfulness:  98.4% | CorrectRef:  76.0% | FalseRef:   0.0%
2026-10-04 02:15:02,620 [INFO] Saved RQ3 raw results to D:\NCKH\results\phase4_1\rq3\rq3_raw_results.json
2026-10-04 02:15:02,622 [INFO] Saved 100-case blinded manual verification table to D:\NCKH\results\phase4_1\rq3\blinded_manual_verification_100.csv
2026-10-04 02:15:02,624 [INFO] ================================================================================
2026-10-04 02:15:02,624 [INFO] STARTING PHASE 4.1D: RQ4 CONTINUAL FORGETTING EVALUATION
2026-10-04 02:15:02,624 [INFO] ================================================================================
2026-10-04 02:15:02,625 [INFO] --- Running RQ4 for Seed 42 ---
2026-10-04 02:15:02,625 [INFO] Loaded existing checkpoint: D:\NCKH\checkpoints\phase4_1\cms_1lvl_seed_42.pt
2026-10-04 02:15:02,625 [INFO] Loaded existing checkpoint: D:\NCKH\checkpoints\phase4_1\cms_3lvl_seed_42.pt
2026-10-04 02:15:40,739 [INFO]   [RQ4] Seed 42 | Method B4  | Initial D0:  20.0% -> +5:  20.0% -> +10:  30.0% -> +20:  30.0% | Forgetting Delta(+20): -10.0%
2026-10-04 02:16:09,158 [INFO]   [RQ4] Seed 42 | Method B5  | Initial D0:  20.0% -> +5:   0.0% -> +10:  10.0% -> +20:  10.0% | Forgetting Delta(+20):  10.0%
2026-10-04 02:16:41,859 [INFO]   [RQ4] Seed 42 | Method P1  | Initial D0:  10.0% -> +5:  10.0% -> +10:  20.0% -> +20:  20.0% | Forgetting Delta(+20): -10.0%
2026-10-04 02:16:41,877 [INFO] --- Running RQ4 for Seed 43 ---
2026-10-04 02:16:41,878 [INFO] Loaded existing checkpoint: D:\NCKH\checkpoints\phase4_1\cms_1lvl_seed_43.pt
2026-10-04 02:16:41,878 [INFO] Loaded existing checkpoint: D:\NCKH\checkpoints\phase4_1\cms_3lvl_seed_43.pt
2026-10-04 02:17:19,584 [INFO]   [RQ4] Seed 43 | Method B4  | Initial D0:  20.0% -> +5:  20.0% -> +10:  10.0% -> +20:  10.0% | Forgetting Delta(+20):  10.0%
2026-10-04 02:17:50,713 [INFO]   [RQ4] Seed 43 | Method B5  | Initial D0:  20.0% -> +5:  10.0% -> +10:  20.0% -> +20:  20.0% | Forgetting Delta(+20):   0.0%
2026-10-04 02:18:24,361 [INFO]   [RQ4] Seed 43 | Method P1  | Initial D0:  20.0% -> +5:  20.0% -> +10:  20.0% -> +20:  20.0% | Forgetting Delta(+20):   0.0%
2026-10-04 02:18:24,385 [INFO] --- Running RQ4 for Seed 44 ---
2026-10-04 02:18:24,385 [INFO] Loaded existing checkpoint: D:\NCKH\checkpoints\phase4_1\cms_1lvl_seed_44.pt
2026-10-04 02:18:24,385 [INFO] Loaded existing checkpoint: D:\NCKH\checkpoints\phase4_1\cms_3lvl_seed_44.pt
2026-10-04 02:19:00,673 [INFO]   [RQ4] Seed 44 | Method B4  | Initial D0:  20.0% -> +5:  20.0% -> +10:  20.0% -> +20:  20.0% | Forgetting Delta(+20):   0.0%
2026-10-04 02:19:33,123 [INFO]   [RQ4] Seed 44 | Method B5  | Initial D0:  20.0% -> +5:  20.0% -> +10:  20.0% -> +20:  30.0% | Forgetting Delta(+20): -10.0%
2026-10-04 02:20:07,217 [INFO]   [RQ4] Seed 44 | Method P1  | Initial D0:  10.0% -> +5:  10.0% -> +10:  10.0% -> +20:  20.0% | Forgetting Delta(+20): -10.0%
2026-10-04 02:20:07,243 [INFO] Saved RQ4 raw results to D:\NCKH\results\phase4_1\rq4\rq4_raw_results.json
2026-10-04 02:20:07,248 [INFO] ================================================================================
2026-10-04 02:20:07,248 [INFO] STARTING PHASE 4.1E: RQ5 COMPUTATIONAL & MEMORY COST PROFILING
2026-10-04 02:20:07,248 [INFO] ================================================================================
2026-10-04 02:20:07,248 [INFO] Loaded existing checkpoint: D:\NCKH\checkpoints\phase4_1\cms_1lvl_seed_42.pt
2026-10-04 02:20:07,248 [INFO] Loaded existing checkpoint: D:\NCKH\checkpoints\phase4_1\cms_3lvl_seed_42.pt
2026-10-04 02:20:10,056 [INFO]   [RQ5] Method B1  | Ingest: 0.000s/1k | Latency: 108.8ms (Gen: 108.8ms, Ret:  0.0ms) | VRAM:  294.9MB | Ckpt: 0.0MB
2026-10-04 02:20:12,599 [INFO]   [RQ5] Method B2  | Ingest: 0.000s/1k | Latency: 101.1ms (Gen:  89.8ms, Ret: 11.3ms) | VRAM:  296.4MB | Ckpt: 0.0MB
2026-10-04 02:20:18,921 [INFO]   [RQ5] Method B4  | Ingest: 1.275s/1k | Latency:  46.5ms (Gen:  46.5ms, Ret:  0.0ms) | VRAM:  328.8MB | Ckpt: 6.77MB
2026-10-04 02:20:22,952 [INFO]   [RQ5] Method B5  | Ingest: 1.727s/1k | Latency:  45.7ms (Gen:  45.7ms, Ret:  0.0ms) | VRAM:  345.1MB | Ckpt: 20.28MB
2026-10-04 02:20:27,364 [INFO]   [RQ5] Method P1  | Ingest: 2.134s/1k | Latency:  47.1ms (Gen:  47.1ms, Ret:  0.0ms) | VRAM:  357.1MB | Ckpt: 20.28MB
2026-10-04 02:20:32,379 [INFO]   [RQ5] Method P2  | Ingest: 2.215s/1k | Latency:  58.9ms (Gen:  47.5ms, Ret: 11.4ms) | VRAM:  357.1MB | Ckpt: 20.28MB
2026-10-04 02:20:32,391 [INFO] Saved RQ5 raw results to D:\NCKH\results\phase4_1\rq5\rq5_raw_results.json
2026-10-04 02:20:32,391 [INFO] ================================================================================
2026-10-04 02:20:32,392 [INFO] STARTING PHASE 4.1F: OFFICIAL VIETNAMESE BENCHMARK (20 DOCS / 350 QS)
2026-10-04 02:20:32,392 [INFO] ================================================================================
2026-10-04 02:20:32,564 [INFO] --- Running Vietnamese Benchmark for Seed 42 ---
2026-10-04 02:20:32,564 [INFO] Loaded existing checkpoint: D:\NCKH\checkpoints\phase4_1\cms_1lvl_seed_42.pt
2026-10-04 02:20:32,564 [INFO] Loaded existing checkpoint: D:\NCKH\checkpoints\phase4_1\cms_3lvl_seed_42.pt
2026-10-04 03:33:25,293 [INFO]   [Vietnamese] Seed 42 | Method B1  | F1: 0.0117 | EM: 0.0000 | CorrectRef:   0.0% | FalseRef:   0.0% | Faithfulness:   0.0% | Latency: 12485.8ms
2026-10-04 04:38:36,893 [INFO]   [Vietnamese] Seed 42 | Method B2  | F1: 0.1543 | EM: 0.0000 | CorrectRef:  76.0% | FalseRef:   0.0% | Faithfulness: 100.0% | Latency: 11166.5ms
2026-10-04 05:05:16,932 [INFO]   [Vietnamese] Seed 42 | Method B4  | F1: 0.0339 | EM: 0.0000 | CorrectRef:   0.0% | FalseRef:   0.0% | Faithfulness:   0.0% | Latency: 4499.3ms
2026-10-04 05:32:35,825 [INFO]   [Vietnamese] Seed 42 | Method B5  | F1: 0.1060 | EM: 0.0000 | CorrectRef:   0.0% | FalseRef:   0.0% | Faithfulness:   0.0% | Latency: 4603.3ms
2026-10-04 05:59:57,666 [INFO]   [Vietnamese] Seed 42 | Method P1  | F1: 0.0739 | EM: 0.0000 | CorrectRef:   0.0% | FalseRef:   0.0% | Faithfulness:   0.0% | Latency: 4604.6ms
2026-10-04 07:05:22,724 [INFO]   [Vietnamese] Seed 42 | Method P2  | F1: 0.1543 | EM: 0.0000 | CorrectRef:  76.0% | FalseRef:   0.0% | Faithfulness: 100.0% | Latency: 11124.5ms
2026-10-04 07:05:23,036 [INFO] --- Running Vietnamese Benchmark for Seed 43 ---
2026-10-04 07:05:23,037 [INFO] Loaded existing checkpoint: D:\NCKH\checkpoints\phase4_1\cms_1lvl_seed_43.pt
2026-10-04 07:05:23,037 [INFO] Loaded existing checkpoint: D:\NCKH\checkpoints\phase4_1\cms_3lvl_seed_43.pt
2026-10-04 11:45:47,587 [INFO] ================================================================================
2026-10-04 11:45:47,588 [INFO] PHASE 4.1: FULL CONTROLLED BENCHMARK — OFFICIAL RESEARCH EXPERIMENT
2026-10-04 11:45:47,588 [INFO] ================================================================================
2026-10-04 11:45:47,588 [INFO] Backbone: HuggingFaceTB/SmolLM2-135M | Device: cuda | Precision: torch.float16
2026-10-04 11:45:47,588 [INFO] Seeds: [42, 43, 44] | Training Samples: Exactly 200 samples
2026-10-04 11:45:47,588 [INFO] Protocol: Locked (Phase 4.0 - 4.0.3)
2026-10-04 11:45:47,588 [INFO] ================================================================================
2026-10-04 11:45:47,588 [INFO] RQ1 raw results already exist at C:\laragon\laragon\www\DACN-NCKH-main\results\phase4_1\rq1\rq1_raw_results.json, skipping execution.
2026-10-04 11:45:47,598 [INFO] RQ2 raw results already exist at C:\laragon\laragon\www\DACN-NCKH-main\results\phase4_1\rq2\rq2_raw_results.json, skipping execution.
2026-10-04 11:45:47,607 [INFO] RQ3 raw results already exist at C:\laragon\laragon\www\DACN-NCKH-main\results\phase4_1\rq3\rq3_raw_results.json, skipping execution.
2026-10-04 11:45:47,622 [INFO] RQ4 raw results already exist at C:\laragon\laragon\www\DACN-NCKH-main\results\phase4_1\rq4\rq4_raw_results.json, skipping execution.
2026-10-04 11:45:47,630 [INFO] RQ5 raw results already exist at C:\laragon\laragon\www\DACN-NCKH-main\results\phase4_1\rq5\rq5_raw_results.json, skipping execution.
2026-10-04 11:45:47,636 [INFO] Vietnamese raw results partial (6/18 runs completed), resuming remaining runs...
2026-10-04 11:45:47,636 [INFO] ================================================================================
2026-10-04 11:45:47,636 [INFO] STARTING PHASE 4.1F: OFFICIAL VIETNAMESE BENCHMARK (20 DOCS / 350 QS)
2026-10-04 11:45:47,636 [INFO] ================================================================================
2026-10-04 11:45:48,012 [INFO] Loaded existing Vietnamese benchmark progress: 6 runs found.
2026-10-04 11:45:48,012 [INFO] --- Running Vietnamese Benchmark for Seed 42 ---
2026-10-04 11:45:48,057 [INFO] Loaded existing checkpoint: C:\laragon\laragon\www\DACN-NCKH-main\checkpoints\phase4_1\cms_1lvl_seed_42.pt
2026-10-04 11:45:48,058 [INFO] Loaded existing checkpoint: C:\laragon\laragon\www\DACN-NCKH-main\checkpoints\phase4_1\cms_3lvl_seed_42.pt
2026-10-04 11:45:48,058 [INFO]   [Vietnamese] Seed 42 | Method B1 already completed, skipping.
2026-10-04 11:45:48,058 [INFO]   [Vietnamese] Seed 42 | Method B2 already completed, skipping.
2026-10-04 11:45:48,059 [INFO]   [Vietnamese] Seed 42 | Method B4 already completed, skipping.
2026-10-04 11:45:48,059 [INFO]   [Vietnamese] Seed 42 | Method B5 already completed, skipping.
2026-10-04 11:45:48,060 [INFO]   [Vietnamese] Seed 42 | Method P1 already completed, skipping.
2026-10-04 11:45:48,060 [INFO]   [Vietnamese] Seed 42 | Method P2 already completed, skipping.
2026-10-04 11:45:48,060 [INFO] --- Running Vietnamese Benchmark for Seed 43 ---
2026-10-04 11:45:48,062 [INFO] Loaded existing checkpoint: C:\laragon\laragon\www\DACN-NCKH-main\checkpoints\phase4_1\cms_1lvl_seed_43.pt
2026-10-04 11:45:48,062 [INFO] Loaded existing checkpoint: C:\laragon\laragon\www\DACN-NCKH-main\checkpoints\phase4_1\cms_3lvl_seed_43.pt
2026-10-04 12:04:53,878 [INFO]   [Vietnamese] Seed 43 | Method B1  | F1: 0.0278 | EM: 0.0000 | CorrectRef:   0.0% | FalseRef:   0.0% | Faithfulness:   0.0% | Latency: 3260.5ms
2026-10-04 12:23:23,449 [INFO]   [Vietnamese] Seed 43 | Method B2  | F1: 0.1543 | EM: 0.0000 | CorrectRef:  76.0% | FalseRef:   0.0% | Faithfulness: 100.0% | Latency: 3164.0ms
2026-10-04 12:43:37,059 [INFO]   [Vietnamese] Seed 43 | Method B4  | F1: 0.0567 | EM: 0.0000 | CorrectRef:   0.0% | FalseRef:   0.0% | Faithfulness:   0.0% | Latency: 3404.8ms
2026-10-04 12:57:19,315 [INFO]   [Vietnamese] Seed 43 | Method B5  | F1: 0.0466 | EM: 0.0000 | CorrectRef:   0.0% | FalseRef:   0.0% | Faithfulness:   0.0% | Latency: 2285.5ms
2026-10-04 13:05:07,935 [INFO]   [Vietnamese] Seed 43 | Method P1  | F1: 0.0527 | EM: 0.0000 | CorrectRef:   0.0% | FalseRef:   0.0% | Faithfulness:   0.0% | Latency: 1305.9ms
2026-10-04 13:12:25,551 [INFO]   [Vietnamese] Seed 43 | Method P2  | F1: 0.1543 | EM: 0.0000 | CorrectRef:  76.0% | FalseRef:   0.0% | Faithfulness: 100.0% | Latency: 1217.7ms
2026-10-04 13:12:25,601 [INFO] --- Running Vietnamese Benchmark for Seed 44 ---
2026-10-04 13:12:25,601 [INFO] Loaded existing checkpoint: C:\laragon\laragon\www\DACN-NCKH-main\checkpoints\phase4_1\cms_1lvl_seed_44.pt
2026-10-04 13:12:25,601 [INFO] Loaded existing checkpoint: C:\laragon\laragon\www\DACN-NCKH-main\checkpoints\phase4_1\cms_3lvl_seed_44.pt
2026-10-04 13:20:27,436 [INFO]   [Vietnamese] Seed 44 | Method B1  | F1: 0.0129 | EM: 0.0000 | CorrectRef:   0.0% | FalseRef:   0.0% | Faithfulness:   0.0% | Latency: 1372.1ms
2026-10-04 13:32:06,999 [INFO]   [Vietnamese] Seed 44 | Method B2  | F1: 0.1543 | EM: 0.0000 | CorrectRef:  76.0% | FalseRef:   0.0% | Faithfulness: 100.0% | Latency: 1994.1ms
2026-10-04 13:42:40,051 [INFO]   [Vietnamese] Seed 44 | Method B4  | F1: 0.0772 | EM: 0.0000 | CorrectRef:   0.0% | FalseRef:   0.0% | Faithfulness:   0.0% | Latency: 1782.2ms
2026-10-04 13:58:22,694 [INFO]   [Vietnamese] Seed 44 | Method B5  | F1: 0.0661 | EM: 0.0000 | CorrectRef:   0.0% | FalseRef:   0.0% | Faithfulness:   0.0% | Latency: 2604.7ms
2026-10-04 14:07:18,710 [INFO]   [Vietnamese] Seed 44 | Method P1  | F1: 0.0766 | EM: 0.0000 | CorrectRef:   0.0% | FalseRef:   0.0% | Faithfulness:   0.0% | Latency: 1495.7ms
2026-10-04 14:15:07,483 [INFO]   [Vietnamese] Seed 44 | Method P2  | F1: 0.1543 | EM: 0.0000 | CorrectRef:  76.0% | FalseRef:   0.0% | Faithfulness: 100.0% | Latency: 1305.4ms
2026-10-04 14:15:07,563 [INFO] Saved complete Vietnamese raw results to C:\laragon\laragon\www\DACN-NCKH-main\results\phase4_1\vietnamese\vietnamese_raw_results.json
2026-10-04 14:15:07,564 [INFO] ================================================================================
2026-10-04 14:15:07,564 [INFO] PHASE 4.1 BENCHMARK EXECUTION COMPLETE in 8959.98 seconds (149.33 mins)
2026-10-04 14:15:07,564 [INFO] All raw outputs successfully written to results/phase4_1/
2026-10-04 14:15:07,564 [INFO] Ready for statistical aggregation and report generation.
2026-10-04 14:15:07,564 [INFO] ================================================================================
2026-10-06 16:29:21,125 [INFO] ================================================================================
2026-10-06 16:29:21,125 [INFO] PHASE 4.1: FULL CONTROLLED BENCHMARK — OFFICIAL RESEARCH EXPERIMENT
2026-10-06 16:29:21,125 [INFO] ================================================================================
2026-10-06 16:29:21,125 [INFO] Backbone: HuggingFaceTB/SmolLM2-135M | Device: cuda | Precision: torch.float16
2026-10-06 16:29:21,125 [INFO] Seeds: [42, 43, 44] | Training Samples: Exactly 200 samples
2026-10-06 16:29:21,125 [INFO] Protocol: Locked (Phase 4.0 - 4.0.3)
2026-10-06 16:29:21,125 [INFO] ================================================================================
2026-10-06 16:29:21,125 [INFO] RQ1 raw results already exist at D:\DACN-NCKH\results\phase4_1\rq1\rq1_raw_results.json, skipping execution.
2026-10-06 16:29:21,138 [INFO] RQ2 raw results already exist at D:\DACN-NCKH\results\phase4_1\rq2\rq2_raw_results.json, skipping execution.
2026-10-06 16:29:21,149 [INFO] RQ3 raw results already exist at D:\DACN-NCKH\results\phase4_1\rq3\rq3_raw_results.json, skipping execution.
2026-10-06 16:29:21,165 [INFO] RQ4 raw results already exist at D:\DACN-NCKH\results\phase4_1\rq4\rq4_raw_results.json, skipping execution.
2026-10-06 16:29:21,171 [INFO] RQ5 raw results already exist at D:\DACN-NCKH\results\phase4_1\rq5\rq5_raw_results.json, skipping execution.
2026-10-06 16:29:21,199 [INFO] Vietnamese raw results already 100% complete at D:\DACN-NCKH\results\phase4_1\vietnamese\vietnamese_raw_results.json, skipping execution.
2026-10-06 16:29:21,199 [INFO] ================================================================================
2026-10-06 16:29:21,199 [INFO] PHASE 4.1 BENCHMARK EXECUTION COMPLETE in 0.07 seconds (0.00 mins)
2026-10-06 16:29:21,199 [INFO] All raw outputs successfully written to results/phase4_1/
2026-10-06 16:29:21,199 [INFO] Ready for statistical aggregation and report generation.
2026-10-06 16:29:21,199 [INFO] ================================================================================
